=== NOT FIXED: doubled_proxy_url (1) ===
[NOT FIXED]	doubled_proxy_url	2026-09-11T15:44:27Z	record 21 (ks-doubledproxy)	tag 856 $u has a literally duplicated proxy prefix: 'https://ezproxy.example.edu/login?url=https://ezproxy.example.edu/login?url=http://vendor.example.com/book/123'

=== NOT FIXED: oversized_unfixable (1) ===
[NOT FIXED]	oversized_unfixable	2026-09-11T15:44:27Z	record 19	passed through unchanged: tag 500: field is 10005 bytes, but the directory's length field is only 4 digits (max 9999) -- can't represent this field in ISO 2709 at all

=== NOT FIXED: suspect_marc8_escape (1) ===
[NOT FIXED]	suspect_marc8_escape	2026-09-11T15:44:27Z	record 20 (ks-suspectescape)	tag 880: single CJK/EACC character embedded mid-word ('r'<escape>'i') -- likely a miskeyed diacritic in the source record, not real CJK/EACC content; suggested fix: likely a miskeyed accented letter (e.g. ö, é, ñ, ü) in "Schr[?]inger" -- compare against another edition or an authority record to confirm the correct spelling; raw MARC-8: 'Schr\x1b$1)36\x1b(Binger'

=== NOT FIXED: transcode_marc8_failed (1) ===
[NOT FIXED]	transcode_marc8_failed	2026-09-11T15:44:27Z	record 2 (ks-marc8fail)	could not transcode MARC-8 -> UTF-8: 'marc8_to_unicode' codec can't decode bytes in position 0-16: invalid multibyte character encoding

=== NOT FIXED: unresolved_record (1) ===
[NOT FIXED]	unresolved_record	2026-09-11T15:44:27Z	record 50	passed through unchanged: no consistent directory found for this record at all

=== FIXED/REQUIRES ATTENTION: added_field (35) ===
[FIXED/REQUIRES ATTENTION]	added_field	2026-09-11T15:44:27Z	record 0 (ks-padind)	added missing 590 field
[FIXED/REQUIRES ATTENTION]	added_field	2026-09-11T15:44:27Z	record 1 (ks-marc8)	added missing 590 field
[FIXED/REQUIRES ATTENTION]	added_field	2026-09-11T15:44:27Z	record 2 (ks-marc8fail)	added missing 590 field
[FIXED/REQUIRES ATTENTION]	added_field	2026-09-11T15:44:27Z	record 3 (ks-moji)	added missing 590 field
[FIXED/REQUIRES ATTENTION]	added_field	2026-09-11T15:44:27Z	record 4 (ks-leaderbyte)	added missing 590 field
[FIXED/REQUIRES ATTENTION]	added_field	2026-09-11T15:44:27Z	record 5 (ks-999)	added missing 590 field
[FIXED/REQUIRES ATTENTION]	added_field	2026-09-11T15:44:27Z	record 6 (ks-sub9)	added missing 590 field
[FIXED/REQUIRES ATTENTION]	added_field	2026-09-11T15:44:27Z	record 7 (ks-smartchar)	added missing 590 field
[FIXED/REQUIRES ATTENTION]	added_field	2026-09-11T15:44:27Z	record 8 (ks-badsubfield)	added missing 590 field
[FIXED/REQUIRES ATTENTION]	added_field	2026-09-11T15:44:27Z	record 9 (ks-missinga)	added missing 590 field
[FIXED/REQUIRES ATTENTION]	added_field	2026-09-11T15:44:27Z	record 10 (ks-dup245)	added missing 590 field
[FIXED/REQUIRES ATTENTION]	added_field	2026-09-11T15:44:27Z	record 11 (ks-ensurefield)	added missing 590 field
[FIXED/REQUIRES ATTENTION]	added_field	2026-09-11T15:44:27Z	record 12 (ks-no245)	added missing 590 field
[FIXED/REQUIRES ATTENTION]	added_field	2026-09-11T15:44:27Z	record 13 (ks-no008)	added missing 590 field
[FIXED/REQUIRES ATTENTION]	added_field	2026-09-11T15:44:27Z	record 14 (ks-short008)	added missing 590 field
[FIXED/REQUIRES ATTENTION]	added_field	2026-09-11T15:44:27Z	record 15 (ks-invalidtag)	added missing 590 field
[FIXED/REQUIRES ATTENTION]	added_field	2026-09-11T15:44:27Z	record 16 (ks-nonnumerictag)	added missing 590 field
[FIXED/REQUIRES ATTENTION]	added_field	2026-09-11T15:44:27Z	record 17 (ks-entrymap)	added missing 590 field
[FIXED/REQUIRES ATTENTION]	added_field	2026-09-11T15:44:27Z	record 19 (ks-oversized-bad)	added missing 590 field
[FIXED/REQUIRES ATTENTION]	added_field	2026-09-11T15:44:27Z	record 20 (ks-suspectescape)	added missing 590 field
[FIXED/REQUIRES ATTENTION]	added_field	2026-09-11T15:44:27Z	record 21 (ks-doubledproxy)	added missing 590 field
[FIXED/REQUIRES ATTENTION]	added_field	2026-09-11T15:44:27Z	record 22 (ks-badindicatorvalue)	added missing 590 field
[FIXED/REQUIRES ATTENTION]	added_field	2026-09-11T15:44:27Z	record 23 (ks-badbiblevel)	added missing 590 field
[FIXED/REQUIRES ATTENTION]	added_field	2026-09-11T15:44:27Z	record 24 (ks-dangling880)	added missing 590 field
[FIXED/REQUIRES ATTENTION]	added_field	2026-09-11T15:44:27Z	record 25 (ks-badisbn)	added missing 590 field
[FIXED/REQUIRES ATTENTION]	added_field	2026-09-11T15:44:27Z	record 26 (ks-dupe-id)	added missing 590 field
[FIXED/REQUIRES ATTENTION]	added_field	2026-09-11T15:44:27Z	record 27 (ks-dupe-id)	added missing 590 field
[FIXED/REQUIRES ATTENTION]	added_field	2026-09-11T15:44:27Z	record 28 (ks-missing008-witness)	added missing 590 field
[FIXED/REQUIRES ATTENTION]	added_field	2026-09-11T15:44:27Z	record 29 (u57283)	added missing 590 field
[FIXED/REQUIRES ATTENTION]	added_field	2026-09-11T15:44:27Z	record 33 (u664440)	added missing 590 field
[FIXED/REQUIRES ATTENTION]	added_field	2026-09-11T15:44:27Z	record 35 (u57283)	added missing 590 field
[FIXED/REQUIRES ATTENTION]	added_field	2026-09-11T15:44:27Z	record 39 (u664440)	added missing 590 field
[FIXED/REQUIRES ATTENTION]	added_field	2026-09-11T15:44:27Z	record 41 (u57283)	added missing 590 field
[FIXED/REQUIRES ATTENTION]	added_field	2026-09-11T15:44:27Z	record 45 (u664440)	added missing 590 field
[FIXED/REQUIRES ATTENTION]	added_field	2026-09-11T15:44:27Z	record 47 (u57283)	added missing 590 field

=== FIXED/REQUIRES ATTENTION: fixed_008_length (1) ===
[FIXED/REQUIRES ATTENTION]	fixed_008_length	2026-09-11T15:44:27Z	record 14 (ks-short008)	008 was 30 bytes (must be exactly 40); padded to 40; original content: 'xxxxxxxxxxxxxxxxxxxxxxxxxxxxxx'

=== FIXED/REQUIRES ATTENTION: removed_invalid_subfield (1) ===
[FIXED/REQUIRES ATTENTION]	removed_invalid_subfield	2026-09-11T15:44:27Z	record 8 (ks-badsubfield)	removed invalid subfield(s) '$Zbad code' from =500	(invalid subfield code; content discarded)

=== FIXED/REQUIRES ATTENTION: field_removed_because_missing_a (1) ===
[FIXED/REQUIRES ATTENTION]	field_removed_because_missing_a	2026-09-11T15:44:27Z	record 9 (ks-missinga)	removed =650   0$zUnited States.	(missing required $a; content discarded)

=== FIXED/REQUIRES ATTENTION: removed_non_repeatable_duplicate (1) ===
[FIXED/REQUIRES ATTENTION]	removed_non_repeatable_duplicate	2026-09-11T15:44:27Z	record 10 (ks-dup245)	removed duplicate =245    $a2nd ed.	(non-repeatable field)

=== DUPLICATE RECORDS: duplicate_identifier (23) ===
[DUPLICATE RECORDS]	duplicate_identifier	2026-09-11T15:44:27Z	record 26 (ks-dupe-id)	identifier used on 2 records total (also records [27]); this record's length (LDR 00-04) = 00179
[DUPLICATE RECORDS]	duplicate_identifier	2026-09-11T15:44:27Z	record 27 (ks-dupe-id)	identifier used on 2 records total (also records [26]); this record's length (LDR 00-04) = 00177
[DUPLICATE RECORDS]	duplicate_identifier	2026-09-11T15:44:27Z	record 29 (u57283)	identifier used on 4 records total (also records [35, 41, 47]); this record's length (LDR 00-04) = 01065
[DUPLICATE RECORDS]	duplicate_identifier	2026-09-11T15:44:27Z	record 35 (u57283)	identifier used on 4 records total (also records [29, 41, 47]); this record's length (LDR 00-04) = 01065
[DUPLICATE RECORDS]	duplicate_identifier	2026-09-11T15:44:27Z	record 41 (u57283)	identifier used on 4 records total (also records [29, 35, 47]); this record's length (LDR 00-04) = 01065
[DUPLICATE RECORDS]	duplicate_identifier	2026-09-11T15:44:27Z	record 47 (u57283)	identifier used on 4 records total (also records [29, 35, 41]); this record's length (LDR 00-04) = 01065
[DUPLICATE RECORDS]	duplicate_identifier	2026-09-11T15:44:27Z	record 30 (u581107)	identifier used on 4 records total (also records [36, 42, 48]); this record's length (LDR 00-04) = 03941
[DUPLICATE RECORDS]	duplicate_identifier	2026-09-11T15:44:27Z	record 36 (u581107)	identifier used on 4 records total (also records [30, 42, 48]); this record's length (LDR 00-04) = 03941
[DUPLICATE RECORDS]	duplicate_identifier	2026-09-11T15:44:27Z	record 42 (u581107)	identifier used on 4 records total (also records [30, 36, 48]); this record's length (LDR 00-04) = 03941
[DUPLICATE RECORDS]	duplicate_identifier	2026-09-11T15:44:27Z	record 48 (u581107)	identifier used on 4 records total (also records [30, 36, 42]); this record's length (LDR 00-04) = 03941
[DUPLICATE RECORDS]	duplicate_identifier	2026-09-11T15:44:27Z	record 31 (u581759)	identifier used on 4 records total (also records [37, 43, 49]); this record's length (LDR 00-04) = 00847
[DUPLICATE RECORDS]	duplicate_identifier	2026-09-11T15:44:27Z	record 37 (u581759)	identifier used on 4 records total (also records [31, 43, 49]); this record's length (LDR 00-04) = 00847
[DUPLICATE RECORDS]	duplicate_identifier	2026-09-11T15:44:27Z	record 43 (u581759)	identifier used on 4 records total (also records [31, 37, 49]); this record's length (LDR 00-04) = 00847
[DUPLICATE RECORDS]	duplicate_identifier	2026-09-11T15:44:27Z	record 49 (u581759)	identifier used on 4 records total (also records [31, 37, 43]); this record's length (LDR 00-04) = 00847
[DUPLICATE RECORDS]	duplicate_identifier	2026-09-11T15:44:27Z	record 32 (u591049)	identifier used on 3 records total (also records [38, 44]); this record's length (LDR 00-04) = 01417
[DUPLICATE RECORDS]	duplicate_identifier	2026-09-11T15:44:27Z	record 38 (u591049)	identifier used on 3 records total (also records [32, 44]); this record's length (LDR 00-04) = 01417
[DUPLICATE RECORDS]	duplicate_identifier	2026-09-11T15:44:27Z	record 44 (u591049)	identifier used on 3 records total (also records [32, 38]); this record's length (LDR 00-04) = 01417
[DUPLICATE RECORDS]	duplicate_identifier	2026-09-11T15:44:27Z	record 33 (u664440)	identifier used on 3 records total (also records [39, 45]); this record's length (LDR 00-04) = 00274
[DUPLICATE RECORDS]	duplicate_identifier	2026-09-11T15:44:27Z	record 39 (u664440)	identifier used on 3 records total (also records [33, 45]); this record's length (LDR 00-04) = 00274
[DUPLICATE RECORDS]	duplicate_identifier	2026-09-11T15:44:27Z	record 45 (u664440)	identifier used on 3 records total (also records [33, 39]); this record's length (LDR 00-04) = 00274
[DUPLICATE RECORDS]	duplicate_identifier	2026-09-11T15:44:27Z	record 34 (u701774)	identifier used on 3 records total (also records [40, 46]); this record's length (LDR 00-04) = 02233
[DUPLICATE RECORDS]	duplicate_identifier	2026-09-11T15:44:27Z	record 40 (u701774)	identifier used on 3 records total (also records [34, 46]); this record's length (LDR 00-04) = 02233
[DUPLICATE RECORDS]	duplicate_identifier	2026-09-11T15:44:27Z	record 46 (u701774)	identifier used on 3 records total (also records [34, 40]); this record's length (LDR 00-04) = 02233

=== INFORMATIONAL: added_default_008 (2) ===
[INFORMATIONAL]	added_default_008	2026-09-11T15:44:27Z	record 13 (ks-no008)	added default 008 (was missing): '780615s19uu    xx a                    d'
[INFORMATIONAL]	added_default_008	2026-09-11T15:44:27Z	record 28 (ks-missing008-witness)	added default 008 (was missing): '780615s19uu    xx a                    d'

=== INFORMATIONAL: added_default_245 (8) ===
[INFORMATIONAL]	added_default_245	2026-09-11T15:44:27Z	record 1 (ks-marc8)	added placeholder 245 (was missing): 00 $aNo title
[INFORMATIONAL]	added_default_245	2026-09-11T15:44:27Z	record 2 (ks-marc8fail)	added placeholder 245 (was missing): 00 $aNo title
[INFORMATIONAL]	added_default_245	2026-09-11T15:44:27Z	record 12 (ks-no245)	added placeholder 245 (was missing): 00 $aNo title
[INFORMATIONAL]	added_default_245	2026-09-11T15:44:27Z	record 19 (ks-oversized-bad)	added placeholder 245 (was missing): 00 $aNo title
[INFORMATIONAL]	added_default_245	2026-09-11T15:44:27Z	record 20 (ks-suspectescape)	added placeholder 245 (was missing): 00 $aNo title
[INFORMATIONAL]	added_default_245	2026-09-11T15:44:27Z	record 33 (u664440)	added placeholder 245 (was missing): 00 $aNo title
[INFORMATIONAL]	added_default_245	2026-09-11T15:44:27Z	record 39 (u664440)	added placeholder 245 (was missing): 00 $aNo title
[INFORMATIONAL]	added_default_245	2026-09-11T15:44:27Z	record 45 (u664440)	added placeholder 245 (was missing): 00 $aNo title

=== INFORMATIONAL: dangling_880_link (1) ===
[INFORMATIONAL]	dangling_880_link	2026-09-11T15:44:27Z	record 24 (ks-dangling880)	880 $6 references =600, but no field with that tag exists in this record: '600-01'

=== INFORMATIONAL: fixed_mojibake (1) ===
[INFORMATIONAL]	fixed_mojibake	2026-09-11T15:44:27Z	record 3 (ks-moji)	fixed double-encoded UTF-8 in =500 $a

=== INFORMATIONAL: invalid_bibliographic_level (1) ===
[INFORMATIONAL]	invalid_bibliographic_level	2026-09-11T15:44:27Z	record 23 (ks-badbiblevel)	leader byte 07 (bibliographic level) is '9', not one of ['a', 'b', 'c', 'd', 'i', 'm', 's']

=== INFORMATIONAL: invalid_indicator_value (1) ===
[INFORMATIONAL]	invalid_indicator_value	2026-09-11T15:44:27Z	record 22 (ks-badindicatorvalue)	tag 245 indicator 1 is 'X', not a digit or blank

=== INFORMATIONAL: invalid_isbn_issn_checksum (1) ===
[INFORMATIONAL]	invalid_isbn_issn_checksum	2026-09-11T15:44:27Z	record 25 (ks-badisbn)	020 $a '0596000271': ISBN-10 checksum invalid

=== INFORMATIONAL: invalid_tag (2) ===
[INFORMATIONAL]	invalid_tag	2026-09-11T15:44:27Z	record 15 (ks-invalidtag)	Invalid tag '24A' renamed to =999
[INFORMATIONAL]	invalid_tag	2026-09-11T15:44:27Z	record 16 (ks-nonnumerictag)	Invalid tag '24B' renamed to =999

=== INFORMATIONAL: leader_byte_defaulted (1) ===
[INFORMATIONAL]	leader_byte_defaulted	2026-09-11T15:44:27Z	record 4 (ks-leaderbyte)	leader byte 05 (record status) was '0', defaulted to 'c'

=== INFORMATIONAL: leader_entry_map_fixed (1) ===
[INFORMATIONAL]	leader_entry_map_fixed	2026-09-11T15:44:27Z	record 17 (ks-entrymap)	leader bytes 20-23 were '45x0', always a fixed constant in MARC21; corrected to '4500'

=== INFORMATIONAL: normalized_smart_characters (1) ===
[INFORMATIONAL]	normalized_smart_characters	2026-09-11T15:44:27Z	record 7 (ks-smartchar)	normalized 4 smart character(s) in =520 $a

=== INFORMATIONAL: normalized_subfield_9_to_0 (1) ===
[INFORMATIONAL]	normalized_subfield_9_to_0	2026-09-11T15:44:27Z	record 6 (ks-sub9)	normalized $9 -> $0 in =650

=== INFORMATIONAL: oversized_sentinel_fixed (1) ===
[INFORMATIONAL]	oversized_sentinel_fixed	2026-09-11T15:44:27Z	record 18 (ks-oversized-ok)	record is 108364 bytes; leader declares the MARC21 sentinel 99999 instead (real end is still found from the record terminator, nothing lost)

=== INFORMATIONAL: padded_indicators (1) ===
[INFORMATIONAL]	padded_indicators	2026-09-11T15:44:27Z	record 0 (ks-padind)	padded 1 space(s) into short indicators on =245

=== INFORMATIONAL: remapped_999_to_945 (23) ===
[INFORMATIONAL]	remapped_999_to_945	2026-09-11T15:44:27Z	record 5 (ks-999)	remapped =999 to =945, indicators set to 'ff'
[INFORMATIONAL]	remapped_999_to_945	2026-09-11T15:44:27Z	record 16 (ks-nonnumerictag)	remapped =999 to =945, indicators set to 'ff'
[INFORMATIONAL]	remapped_999_to_945	2026-09-11T15:44:27Z	record 29 (u57283)	remapped =999 to =945, indicators set to 'ff'
[INFORMATIONAL]	remapped_999_to_945	2026-09-11T15:44:27Z	record 30 (u581107)	remapped =999 to =945, indicators set to 'ff'
[INFORMATIONAL]	remapped_999_to_945	2026-09-11T15:44:27Z	record 31 (u581759)	remapped =999 to =945, indicators set to 'ff'
[INFORMATIONAL]	remapped_999_to_945	2026-09-11T15:44:27Z	record 32 (u591049)	remapped =999 to =945, indicators set to 'ff'
[INFORMATIONAL]	remapped_999_to_945	2026-09-11T15:44:27Z	record 33 (u664440)	remapped =999 to =945, indicators set to 'ff'
[INFORMATIONAL]	remapped_999_to_945	2026-09-11T15:44:27Z	record 34 (u701774)	remapped =999 to =945, indicators set to 'ff'
[INFORMATIONAL]	remapped_999_to_945	2026-09-11T15:44:27Z	record 35 (u57283)	remapped =999 to =945, indicators set to 'ff'
[INFORMATIONAL]	remapped_999_to_945	2026-09-11T15:44:27Z	record 36 (u581107)	remapped =999 to =945, indicators set to 'ff'
[INFORMATIONAL]	remapped_999_to_945	2026-09-11T15:44:27Z	record 37 (u581759)	remapped =999 to =945, indicators set to 'ff'
[INFORMATIONAL]	remapped_999_to_945	2026-09-11T15:44:27Z	record 38 (u591049)	remapped =999 to =945, indicators set to 'ff'
[INFORMATIONAL]	remapped_999_to_945	2026-09-11T15:44:27Z	record 39 (u664440)	remapped =999 to =945, indicators set to 'ff'
[INFORMATIONAL]	remapped_999_to_945	2026-09-11T15:44:27Z	record 40 (u701774)	remapped =999 to =945, indicators set to 'ff'
[INFORMATIONAL]	remapped_999_to_945	2026-09-11T15:44:27Z	record 41 (u57283)	remapped =999 to =945, indicators set to 'ff'
[INFORMATIONAL]	remapped_999_to_945	2026-09-11T15:44:27Z	record 42 (u581107)	remapped =999 to =945, indicators set to 'ff'
[INFORMATIONAL]	remapped_999_to_945	2026-09-11T15:44:27Z	record 43 (u581759)	remapped =999 to =945, indicators set to 'ff'
[INFORMATIONAL]	remapped_999_to_945	2026-09-11T15:44:27Z	record 44 (u591049)	remapped =999 to =945, indicators set to 'ff'
[INFORMATIONAL]	remapped_999_to_945	2026-09-11T15:44:27Z	record 45 (u664440)	remapped =999 to =945, indicators set to 'ff'
[INFORMATIONAL]	remapped_999_to_945	2026-09-11T15:44:27Z	record 46 (u701774)	remapped =999 to =945, indicators set to 'ff'
[INFORMATIONAL]	remapped_999_to_945	2026-09-11T15:44:27Z	record 47 (u57283)	remapped =999 to =945, indicators set to 'ff'
[INFORMATIONAL]	remapped_999_to_945	2026-09-11T15:44:27Z	record 48 (u581107)	remapped =999 to =945, indicators set to 'ff'
[INFORMATIONAL]	remapped_999_to_945	2026-09-11T15:44:27Z	record 49 (u581759)	remapped =999 to =945, indicators set to 'ff'

=== INFORMATIONAL: transcoded_marc8 (2) ===
[INFORMATIONAL]	transcoded_marc8	2026-09-11T15:44:27Z	record 1 (ks-marc8)	transcoded MARC-8 -> UTF-8
[INFORMATIONAL]	transcoded_marc8	2026-09-11T15:44:27Z	record 20 (ks-suspectescape)	transcoded MARC-8 -> UTF-8

=== SUPPLEMENTAL VERIFICATION RUNS (see tests/fixtures/build_kitchen_sink.py) ===
# The two categories below are only ever loggable under CLI flags that
# directly conflict with flags the main run above needs for other
# categories (missing_008 requires --no-add-default-008, which would
# suppress added_default_008 elsewhere; non_numeric_tag's 'every 9XX
# slot taken' fallback requires 999 to stay literally tagged 999, which
# --remap-999-to-945 -- needed for remapped_999_to_945 above -- always
# renames away). Each is confirmed here via its own separate, real CLI
# invocation against the exact same witness record already present in
# kitchen_sink_bib.mrc (record ids ks-missing008-witness / ks-nonnumerictag).
=== NOT FIXED: missing_008 (1) ===
[NOT FIXED]	missing_008	2026-09-11T15:43:55Z	record 0 (ks-missing008-witness)	record has no 008 control field (mandatory in MARC21)

=== NOT FIXED: non_numeric_tag (1) ===
[NOT FIXED]	non_numeric_tag	2026-09-11T15:44:02Z	record 0 (ks-nonnumerictag)	tag '24B' is not 3 numeric digits (could not fix: every 900-999 tag is already used elsewhere in this file)

